
*** Running vivado
    with args -log top.vdi -applog -m64 -product Vivado -messageDb vivado.pb -mode batch -source top.tcl -notrace



****** Vivado v2023.2 (64-bit)
  **** SW Build 4029153 on Fri Oct 13 20:14:34 MDT 2023
  **** IP Build 4028589 on Sat Oct 14 00:45:43 MDT 2023
  **** SharedData Build 4025554 on Tue Oct 10 17:18:54 MDT 2023
    ** Copyright 1986-2022 Xilinx, Inc. All Rights Reserved.
    ** Copyright 2022-2023 Advanced Micro Devices, Inc. All Rights Reserved.

source top.tcl -notrace
create_project: Time (s): cpu = 00:00:06 ; elapsed = 00:00:06 . Memory (MB): peak = 554.016 ; gain = 182.113
Command: link_design -top top -part xc7k325tffg900-2
Design is defaulting to srcset: sources_1
Design is defaulting to constrset: constrs_1
INFO: [Device 21-403] Loading part xc7k325tffg900-2
INFO: [Project 1-454] Reading design checkpoint 'c:/Users/KTD/Desktop/JYD2025_Contest-rv32i-50/digital_twin.gen/sources_1/ip/pll/pll.dcp' for cell 'pll_inst'
INFO: [Project 1-454] Reading design checkpoint 'c:/Users/KTD/Desktop/JYD2025_Contest-rv32i-50/digital_twin.gen/sources_1/ip/IROM/IROM.dcp' for cell 'student_top_inst/Mem_IROM'
INFO: [Project 1-454] Reading design checkpoint 'c:/Users/KTD/Desktop/JYD2025_Contest-rv32i-50/digital_twin.gen/sources_1/ip/DRAM/DRAM.dcp' for cell 'student_top_inst/bridge_inst/dram_driver_inst/Mem_DRAM'
Netlist sorting complete. Time (s): cpu = 00:00:00 ; elapsed = 00:00:00.164 . Memory (MB): peak = 1054.918 ; gain = 0.000
INFO: [Netlist 29-17] Analyzing 10774 Unisim elements for replacement
INFO: [Netlist 29-28] Unisim Transformation completed in 5 CPU seconds
INFO: [Project 1-479] Netlist was created with Vivado 2023.2
INFO: [Project 1-570] Preparing netlist for logic optimization
Parsing XDC File [c:/Users/KTD/Desktop/JYD2025_Contest-rv32i-50/digital_twin.gen/sources_1/ip/pll/pll_board.xdc] for cell 'pll_inst/inst'
Finished Parsing XDC File [c:/Users/KTD/Desktop/JYD2025_Contest-rv32i-50/digital_twin.gen/sources_1/ip/pll/pll_board.xdc] for cell 'pll_inst/inst'
Parsing XDC File [c:/Users/KTD/Desktop/JYD2025_Contest-rv32i-50/digital_twin.gen/sources_1/ip/pll/pll.xdc] for cell 'pll_inst/inst'
INFO: [Timing 38-35] Done setting XDC timing constraints. [c:/Users/KTD/Desktop/JYD2025_Contest-rv32i-50/digital_twin.gen/sources_1/ip/pll/pll.xdc:54]
INFO: [Timing 38-2] Deriving generated clocks [c:/Users/KTD/Desktop/JYD2025_Contest-rv32i-50/digital_twin.gen/sources_1/ip/pll/pll.xdc:54]
get_clocks: Time (s): cpu = 00:00:14 ; elapsed = 00:00:13 . Memory (MB): peak = 2013.176 ; gain = 709.246
Finished Parsing XDC File [c:/Users/KTD/Desktop/JYD2025_Contest-rv32i-50/digital_twin.gen/sources_1/ip/pll/pll.xdc] for cell 'pll_inst/inst'
Parsing XDC File [C:/Users/KTD/Desktop/JYD2025_Contest-rv32i-50/digital_twin.srcs/constrs_1/new/digital_twin.xdc]
Finished Parsing XDC File [C:/Users/KTD/Desktop/JYD2025_Contest-rv32i-50/digital_twin.srcs/constrs_1/new/digital_twin.xdc]
INFO: [Opt 31-138] Pushed 0 inverter(s) to 0 load pin(s).
Netlist sorting complete. Time (s): cpu = 00:00:00 ; elapsed = 00:00:00.054 . Memory (MB): peak = 2013.176 ; gain = 0.000
INFO: [Project 1-111] Unisim Transformation Summary:
  A total of 8192 instances were transformed.
  RAM256X1S => RAM256X1S (MUXF7(x2), MUXF8, RAMS64E(x4)): 8192 instances

系统找不到指定的路径。
12 Infos, 0 Warnings, 0 Critical Warnings and 0 Errors encountered.
link_design completed successfully
link_design: Time (s): cpu = 00:00:33 ; elapsed = 00:00:33 . Memory (MB): peak = 2013.176 ; gain = 1443.852
Command: opt_design
Attempting to get a license for feature 'Implementation' and/or device 'xc7k325t'
INFO: [Common 17-349] Got license for feature 'Implementation' and/or device 'xc7k325t'
Running DRC as a precondition to command opt_design

Starting DRC Task
INFO: [DRC 23-27] Running DRC with 2 threads
INFO: [Project 1-461] DRC finished with 0 Errors
INFO: [Project 1-462] Please refer to the DRC report (report_drc) for more information.

Time (s): cpu = 00:00:02 ; elapsed = 00:00:01 . Memory (MB): peak = 2013.176 ; gain = 0.000

Starting Cache Timing Information Task
INFO: [Timing 38-35] Done setting XDC timing constraints.
Ending Cache Timing Information Task | Checksum: 11db72d28

Time (s): cpu = 00:00:05 ; elapsed = 00:00:03 . Memory (MB): peak = 2044.246 ; gain = 31.070

Starting Logic Optimization Task

Phase 1 Initialization

Phase 1.1 Core Generation And Design Setup
Phase 1.1 Core Generation And Design Setup | Checksum: 11db72d28

Time (s): cpu = 00:00:00 ; elapsed = 00:00:00.021 . Memory (MB): peak = 2396.527 ; gain = 0.000

Phase 1.2 Setup Constraints And Sort Netlist
Phase 1.2 Setup Constraints And Sort Netlist | Checksum: 11db72d28

Time (s): cpu = 00:00:00 ; elapsed = 00:00:00.106 . Memory (MB): peak = 2396.527 ; gain = 0.000
Phase 1 Initialization | Checksum: 11db72d28

Time (s): cpu = 00:00:00 ; elapsed = 00:00:00.121 . Memory (MB): peak = 2396.527 ; gain = 0.000

Phase 2 Timer Update And Timing Data Collection

Phase 2.1 Timer Update
Phase 2.1 Timer Update | Checksum: 11db72d28

Time (s): cpu = 00:00:07 ; elapsed = 00:00:04 . Memory (MB): peak = 2443.895 ; gain = 47.367

Phase 2.2 Timing Data Collection
Phase 2.2 Timing Data Collection | Checksum: 11db72d28

Time (s): cpu = 00:00:08 ; elapsed = 00:00:05 . Memory (MB): peak = 2443.895 ; gain = 47.367
Phase 2 Timer Update And Timing Data Collection | Checksum: 11db72d28

Time (s): cpu = 00:00:08 ; elapsed = 00:00:05 . Memory (MB): peak = 2443.895 ; gain = 47.367

Phase 3 Retarget
INFO: [Opt 31-138] Pushed 0 inverter(s) to 0 load pin(s).
INFO: [Opt 31-49] Retargeted 0 cell(s).
Phase 3 Retarget | Checksum: 19913377c

Time (s): cpu = 00:00:08 ; elapsed = 00:00:05 . Memory (MB): peak = 2443.895 ; gain = 47.367
Retarget | Checksum: 19913377c
INFO: [Opt 31-389] Phase Retarget created 9 cells and removed 11 cells
INFO: [Opt 31-1021] In phase Retarget, 1 netlist objects are constrained preventing optimization. Please run opt_design with -debug_log to get more detail. 

Phase 4 Constant propagation
INFO: [Opt 31-138] Pushed 0 inverter(s) to 0 load pin(s).
Phase 4 Constant propagation | Checksum: abb1ebf6

Time (s): cpu = 00:00:09 ; elapsed = 00:00:06 . Memory (MB): peak = 2443.895 ; gain = 47.367
Constant propagation | Checksum: abb1ebf6
INFO: [Opt 31-389] Phase Constant propagation created 0 cells and removed 0 cells

Phase 5 Sweep
Phase 5 Sweep | Checksum: cff94e74

Time (s): cpu = 00:00:09 ; elapsed = 00:00:06 . Memory (MB): peak = 2443.895 ; gain = 47.367
Sweep | Checksum: cff94e74
INFO: [Opt 31-389] Phase Sweep created 32 cells and removed 32 cells

Phase 6 BUFG optimization
Phase 6 BUFG optimization | Checksum: cff94e74

Time (s): cpu = 00:00:13 ; elapsed = 00:00:09 . Memory (MB): peak = 2443.895 ; gain = 47.367
BUFG optimization | Checksum: cff94e74
INFO: [Opt 31-662] Phase BUFG optimization created 0 cells of which 0 are BUFGs and removed 0 cells.

Phase 7 Shift Register Optimization
INFO: [Opt 31-1064] SRL Remap converted 0 SRLs to 0 registers and converted 0 registers of register chains to 0 SRLs
Phase 7 Shift Register Optimization | Checksum: cff94e74

Time (s): cpu = 00:00:13 ; elapsed = 00:00:09 . Memory (MB): peak = 2443.895 ; gain = 47.367
Shift Register Optimization | Checksum: cff94e74
INFO: [Opt 31-389] Phase Shift Register Optimization created 0 cells and removed 0 cells

Phase 8 Post Processing Netlist
Phase 8 Post Processing Netlist | Checksum: cff94e74

Time (s): cpu = 00:00:13 ; elapsed = 00:00:09 . Memory (MB): peak = 2443.895 ; gain = 47.367
Post Processing Netlist | Checksum: cff94e74
INFO: [Opt 31-389] Phase Post Processing Netlist created 0 cells and removed 0 cells

Phase 9 Finalization

Phase 9.1 Finalizing Design Cores and Updating Shapes
Phase 9.1 Finalizing Design Cores and Updating Shapes | Checksum: 1857240b3

Time (s): cpu = 00:00:14 ; elapsed = 00:00:09 . Memory (MB): peak = 2443.895 ; gain = 47.367

Phase 9.2 Verifying Netlist Connectivity

Starting Connectivity Check Task

Time (s): cpu = 00:00:00 ; elapsed = 00:00:00.044 . Memory (MB): peak = 2443.895 ; gain = 0.000
Phase 9.2 Verifying Netlist Connectivity | Checksum: 1857240b3

Time (s): cpu = 00:00:14 ; elapsed = 00:00:09 . Memory (MB): peak = 2443.895 ; gain = 47.367
Phase 9 Finalization | Checksum: 1857240b3

Time (s): cpu = 00:00:14 ; elapsed = 00:00:09 . Memory (MB): peak = 2443.895 ; gain = 47.367
Opt_design Change Summary
=========================


-------------------------------------------------------------------------------------------------------------------------
|  Phase                        |  #Cells created  |  #Cells Removed  |  #Constrained objects preventing optimizations  |
-------------------------------------------------------------------------------------------------------------------------
|  Retarget                     |               9  |              11  |                                              1  |
|  Constant propagation         |               0  |               0  |                                              0  |
|  Sweep                        |              32  |              32  |                                              0  |
|  BUFG optimization            |               0  |               0  |                                              0  |
|  Shift Register Optimization  |               0  |               0  |                                              0  |
|  Post Processing Netlist      |               0  |               0  |                                              0  |
-------------------------------------------------------------------------------------------------------------------------


Ending Logic Optimization Task | Checksum: 1857240b3

Time (s): cpu = 00:00:14 ; elapsed = 00:00:09 . Memory (MB): peak = 2443.895 ; gain = 47.367
INFO: [Constraints 18-11670] Building netlist checker database with flags, 0x8
Done building netlist checker database: Time (s): cpu = 00:00:00 ; elapsed = 00:00:00.039 . Memory (MB): peak = 2443.895 ; gain = 0.000

Starting Power Optimization Task
INFO: [Pwropt 34-132] Skipping clock gating for clocks with a period < 2.00 ns.
Ending Power Optimization Task | Checksum: 1857240b3

Time (s): cpu = 00:00:00 ; elapsed = 00:00:00.100 . Memory (MB): peak = 2443.895 ; gain = 0.000

Starting Final Cleanup Task
Ending Final Cleanup Task | Checksum: 1857240b3

Time (s): cpu = 00:00:00 ; elapsed = 00:00:00.016 . Memory (MB): peak = 2443.895 ; gain = 0.000

Starting Netlist Obfuscation Task
Netlist sorting complete. Time (s): cpu = 00:00:00 ; elapsed = 00:00:00.066 . Memory (MB): peak = 2443.895 ; gain = 0.000
Ending Netlist Obfuscation Task | Checksum: 1857240b3

Time (s): cpu = 00:00:00 ; elapsed = 00:00:00.081 . Memory (MB): peak = 2443.895 ; gain = 0.000
INFO: [Common 17-83] Releasing license: Implementation
31 Infos, 0 Warnings, 0 Critical Warnings and 0 Errors encountered.
opt_design completed successfully
opt_design: Time (s): cpu = 00:00:24 ; elapsed = 00:00:17 . Memory (MB): peak = 2443.895 ; gain = 430.719
INFO: [runtcl-4] Executing : report_drc -file top_drc_opted.rpt -pb top_drc_opted.pb -rpx top_drc_opted.rpx
Command: report_drc -file top_drc_opted.rpt -pb top_drc_opted.pb -rpx top_drc_opted.rpx
INFO: [IP_Flow 19-1839] IP Catalog is up to date.
INFO: [DRC 23-27] Running DRC with 2 threads
INFO: [Vivado_Tcl 2-168] The results of DRC are in file C:/Users/KTD/Desktop/JYD2025_Contest-rv32i-50/digital_twin.runs/impl_1/top_drc_opted.rpt.
report_drc completed successfully
INFO: [Timing 38-35] Done setting XDC timing constraints.
INFO: [Timing 38-480] Writing timing data to binary archive.
Wrote PlaceDB: Time (s): cpu = 00:00:00 ; elapsed = 00:00:00.004 . Memory (MB): peak = 2443.895 ; gain = 0.000
Wrote PulsedLatchDB: Time (s): cpu = 00:00:00 ; elapsed = 00:00:00.001 . Memory (MB): peak = 2443.895 ; gain = 0.000
Writing XDEF routing.
Writing XDEF routing logical nets.
Writing XDEF routing special nets.
Wrote RouteStorage: Time (s): cpu = 00:00:00 ; elapsed = 00:00:00.128 . Memory (MB): peak = 2443.895 ; gain = 0.000
Wrote Netlist Cache: Time (s): cpu = 00:00:00 ; elapsed = 00:00:00.001 . Memory (MB): peak = 2443.895 ; gain = 0.000
Wrote Device Cache: Time (s): cpu = 00:00:00 ; elapsed = 00:00:00.010 . Memory (MB): peak = 2443.895 ; gain = 0.000
Write Physdb Complete: Time (s): cpu = 00:00:00 ; elapsed = 00:00:00.151 . Memory (MB): peak = 2443.895 ; gain = 0.000
Write ShapeDB Complete: Time (s): cpu = 00:00:01 ; elapsed = 00:00:00.357 . Memory (MB): peak = 2443.895 ; gain = 0.000
INFO: [Common 17-1381] The checkpoint 'C:/Users/KTD/Desktop/JYD2025_Contest-rv32i-50/digital_twin.runs/impl_1/top_opt.dcp' has been generated.
write_checkpoint: Time (s): cpu = 00:00:12 ; elapsed = 00:00:08 . Memory (MB): peak = 2443.895 ; gain = 0.000
Command: place_design
Attempting to get a license for feature 'Implementation' and/or device 'xc7k325t'
INFO: [Common 17-349] Got license for feature 'Implementation' and/or device 'xc7k325t'
INFO: [Common 17-83] Releasing license: Implementation
INFO: [DRC 23-27] Running DRC with 2 threads
INFO: [Vivado_Tcl 4-198] DRC finished with 0 Errors
INFO: [Vivado_Tcl 4-199] Please refer to the DRC report (report_drc) for more information.
Running DRC as a precondition to command place_design
INFO: [DRC 23-27] Running DRC with 2 threads
INFO: [Vivado_Tcl 4-198] DRC finished with 0 Errors
INFO: [Vivado_Tcl 4-199] Please refer to the DRC report (report_drc) for more information.
INFO: [Place 30-611] Multithreading enabled for place_design using a maximum of 2 CPUs

Starting Placer Task

Phase 1 Placer Initialization

Phase 1.1 Placer Initialization Netlist Sorting
Netlist sorting complete. Time (s): cpu = 00:00:00 ; elapsed = 00:00:00.052 . Memory (MB): peak = 2443.895 ; gain = 0.000
Phase 1.1 Placer Initialization Netlist Sorting | Checksum: ee4eee7c

Time (s): cpu = 00:00:00 ; elapsed = 00:00:00.066 . Memory (MB): peak = 2443.895 ; gain = 0.000
Netlist sorting complete. Time (s): cpu = 00:00:00 ; elapsed = 00:00:00.061 . Memory (MB): peak = 2443.895 ; gain = 0.000

Phase 1.2 IO Placement/ Clock Placement/ Build Placer Device
Phase 1.2 IO Placement/ Clock Placement/ Build Placer Device | Checksum: 3035b7a7

Time (s): cpu = 00:00:04 ; elapsed = 00:00:03 . Memory (MB): peak = 2443.895 ; gain = 0.000

Phase 1.3 Build Placer Netlist Model
Phase 1.3 Build Placer Netlist Model | Checksum: 77d26293

Time (s): cpu = 00:00:40 ; elapsed = 00:00:29 . Memory (MB): peak = 3026.680 ; gain = 582.785

Phase 1.4 Constrain Clocks/Macros
Phase 1.4 Constrain Clocks/Macros | Checksum: 77d26293

Time (s): cpu = 00:00:40 ; elapsed = 00:00:29 . Memory (MB): peak = 3026.680 ; gain = 582.785
Phase 1 Placer Initialization | Checksum: 77d26293

Time (s): cpu = 00:00:40 ; elapsed = 00:00:29 . Memory (MB): peak = 3026.680 ; gain = 582.785

Phase 2 Global Placement

Phase 2.1 Floorplanning
Phase 2.1 Floorplanning | Checksum: 5b20d520

Time (s): cpu = 00:00:50 ; elapsed = 00:00:36 . Memory (MB): peak = 3026.680 ; gain = 582.785

Phase 2.2 Update Timing before SLR Path Opt
Phase 2.2 Update Timing before SLR Path Opt | Checksum: fb2cd92e

Time (s): cpu = 00:01:01 ; elapsed = 00:00:42 . Memory (MB): peak = 3026.680 ; gain = 582.785

Phase 2.3 Post-Processing in Floorplanning
Phase 2.3 Post-Processing in Floorplanning | Checksum: fb2cd92e

Time (s): cpu = 00:01:01 ; elapsed = 00:00:42 . Memory (MB): peak = 3026.680 ; gain = 582.785

Phase 2.4 Global Placement Core

Phase 2.4.1 UpdateTiming Before Physical Synthesis
Phase 2.4.1 UpdateTiming Before Physical Synthesis | Checksum: 9bcbe809

Time (s): cpu = 00:01:45 ; elapsed = 00:01:10 . Memory (MB): peak = 3026.680 ; gain = 582.785

Phase 2.4.2 Physical Synthesis In Placer
INFO: [Physopt 32-1035] Found 0 LUTNM shape to break, 52 LUT instances to create LUTNM shape
INFO: [Physopt 32-1044] Break lutnm for timing: one critical 0, two critical 0, total 0, new lutff created 0
INFO: [Physopt 32-1138] End 1 Pass. Optimized 19 nets or LUTs. Breaked 0 LUT, combined 19 existing LUTs and moved 0 existing LUT
INFO: [Physopt 32-1132] Very high fanout net 'student_top_inst/Core_cpu/rf_inst/d[31]' is not considered as a candidate in VHFN optimzation. The fanout considered for this optimization is changed from 1024 to 257 due to a timing constraint that prevent optimization on all of the loads. To force replication, set the FORCE_MAX_FANOUT property on the net to a number less than 257.
INFO: [Physopt 32-1132] Very high fanout net 'student_top_inst/Core_cpu/rf_inst/d[30]' is not considered as a candidate in VHFN optimzation. The fanout considered for this optimization is changed from 1024 to 257 due to a timing constraint that prevent optimization on all of the loads. To force replication, set the FORCE_MAX_FANOUT property on the net to a number less than 257.
INFO: [Physopt 32-1132] Very high fanout net 'student_top_inst/Core_cpu/rf_inst/d[29]' is not considered as a candidate in VHFN optimzation. The fanout considered for this optimization is changed from 1024 to 257 due to a timing constraint that prevent optimization on all of the loads. To force replication, set the FORCE_MAX_FANOUT property on the net to a number less than 257.
INFO: [Physopt 32-1132] Very high fanout net 'student_top_inst/Core_cpu/rf_inst/d[28]' is not considered as a candidate in VHFN optimzation. The fanout considered for this optimization is changed from 1024 to 257 due to a timing constraint that prevent optimization on all of the loads. To force replication, set the FORCE_MAX_FANOUT property on the net to a number less than 257.
INFO: [Physopt 32-1132] Very high fanout net 'student_top_inst/Core_cpu/rf_inst/d[27]' is not considered as a candidate in VHFN optimzation. The fanout considered for this optimization is changed from 1024 to 257 due to a timing constraint that prevent optimization on all of the loads. To force replication, set the FORCE_MAX_FANOUT property on the net to a number less than 257.
INFO: [Physopt 32-1132] Very high fanout net 'student_top_inst/Core_cpu/rf_inst/d[26]' is not considered as a candidate in VHFN optimzation. The fanout considered for this optimization is changed from 1024 to 257 due to a timing constraint that prevent optimization on all of the loads. To force replication, set the FORCE_MAX_FANOUT property on the net to a number less than 257.
INFO: [Physopt 32-1132] Very high fanout net 'student_top_inst/Core_cpu/rf_inst/d[25]' is not considered as a candidate in VHFN optimzation. The fanout considered for this optimization is changed from 1024 to 257 due to a timing constraint that prevent optimization on all of the loads. To force replication, set the FORCE_MAX_FANOUT property on the net to a number less than 257.
INFO: [Physopt 32-1132] Very high fanout net 'student_top_inst/Core_cpu/rf_inst/d[24]' is not considered as a candidate in VHFN optimzation. The fanout considered for this optimization is changed from 1024 to 257 due to a timing constraint that prevent optimization on all of the loads. To force replication, set the FORCE_MAX_FANOUT property on the net to a number less than 257.
INFO: [Physopt 32-1132] Very high fanout net 'student_top_inst/Core_cpu/rf_inst/d[23]' is not considered as a candidate in VHFN optimzation. The fanout considered for this optimization is changed from 1024 to 257 due to a timing constraint that prevent optimization on all of the loads. To force replication, set the FORCE_MAX_FANOUT property on the net to a number less than 257.
INFO: [Physopt 32-1132] Very high fanout net 'student_top_inst/Core_cpu/rf_inst/d[22]' is not considered as a candidate in VHFN optimzation. The fanout considered for this optimization is changed from 1024 to 257 due to a timing constraint that prevent optimization on all of the loads. To force replication, set the FORCE_MAX_FANOUT property on the net to a number less than 257.
INFO: [Physopt 32-1132] Very high fanout net 'student_top_inst/Core_cpu/rf_inst/d[21]' is not considered as a candidate in VHFN optimzation. The fanout considered for this optimization is changed from 1024 to 257 due to a timing constraint that prevent optimization on all of the loads. To force replication, set the FORCE_MAX_FANOUT property on the net to a number less than 257.
INFO: [Physopt 32-1132] Very high fanout net 'student_top_inst/Core_cpu/rf_inst/d[20]' is not considered as a candidate in VHFN optimzation. The fanout considered for this optimization is changed from 1024 to 257 due to a timing constraint that prevent optimization on all of the loads. To force replication, set the FORCE_MAX_FANOUT property on the net to a number less than 257.
INFO: [Physopt 32-1132] Very high fanout net 'student_top_inst/Core_cpu/rf_inst/d[19]' is not considered as a candidate in VHFN optimzation. The fanout considered for this optimization is changed from 1024 to 257 due to a timing constraint that prevent optimization on all of the loads. To force replication, set the FORCE_MAX_FANOUT property on the net to a number less than 257.
INFO: [Physopt 32-1132] Very high fanout net 'student_top_inst/Core_cpu/rf_inst/d[18]' is not considered as a candidate in VHFN optimzation. The fanout considered for this optimization is changed from 1024 to 257 due to a timing constraint that prevent optimization on all of the loads. To force replication, set the FORCE_MAX_FANOUT property on the net to a number less than 257.
INFO: [Physopt 32-1132] Very high fanout net 'student_top_inst/Core_cpu/rf_inst/d[17]' is not considered as a candidate in VHFN optimzation. The fanout considered for this optimization is changed from 1024 to 257 due to a timing constraint that prevent optimization on all of the loads. To force replication, set the FORCE_MAX_FANOUT property on the net to a number less than 257.
INFO: [Physopt 32-1132] Very high fanout net 'student_top_inst/Core_cpu/rf_inst/d[16]' is not considered as a candidate in VHFN optimzation. The fanout considered for this optimization is changed from 1024 to 257 due to a timing constraint that prevent optimization on all of the loads. To force replication, set the FORCE_MAX_FANOUT property on the net to a number less than 257.
INFO: [Physopt 32-1132] Very high fanout net 'student_top_inst/Core_cpu/rf_inst/d[15]' is not considered as a candidate in VHFN optimzation. The fanout considered for this optimization is changed from 1024 to 257 due to a timing constraint that prevent optimization on all of the loads. To force replication, set the FORCE_MAX_FANOUT property on the net to a number less than 257.
INFO: [Physopt 32-1132] Very high fanout net 'student_top_inst/Core_cpu/rf_inst/d[14]' is not considered as a candidate in VHFN optimzation. The fanout considered for this optimization is changed from 1024 to 257 due to a timing constraint that prevent optimization on all of the loads. To force replication, set the FORCE_MAX_FANOUT property on the net to a number less than 257.
INFO: [Physopt 32-1132] Very high fanout net 'student_top_inst/Core_cpu/rf_inst/d[13]' is not considered as a candidate in VHFN optimzation. The fanout considered for this optimization is changed from 1024 to 257 due to a timing constraint that prevent optimization on all of the loads. To force replication, set the FORCE_MAX_FANOUT property on the net to a number less than 257.
INFO: [Physopt 32-1132] Very high fanout net 'student_top_inst/Core_cpu/rf_inst/d[12]' is not considered as a candidate in VHFN optimzation. The fanout considered for this optimization is changed from 1024 to 257 due to a timing constraint that prevent optimization on all of the loads. To force replication, set the FORCE_MAX_FANOUT property on the net to a number less than 257.
INFO: [Physopt 32-1132] Very high fanout net 'student_top_inst/Core_cpu/rf_inst/d[11]' is not considered as a candidate in VHFN optimzation. The fanout considered for this optimization is changed from 1024 to 257 due to a timing constraint that prevent optimization on all of the loads. To force replication, set the FORCE_MAX_FANOUT property on the net to a number less than 257.
INFO: [Physopt 32-1132] Very high fanout net 'student_top_inst/Core_cpu/rf_inst/d[10]' is not considered as a candidate in VHFN optimzation. The fanout considered for this optimization is changed from 1024 to 257 due to a timing constraint that prevent optimization on all of the loads. To force replication, set the FORCE_MAX_FANOUT property on the net to a number less than 257.
INFO: [Physopt 32-1132] Very high fanout net 'student_top_inst/Core_cpu/rf_inst/d[9]' is not considered as a candidate in VHFN optimzation. The fanout considered for this optimization is changed from 1024 to 257 due to a timing constraint that prevent optimization on all of the loads. To force replication, set the FORCE_MAX_FANOUT property on the net to a number less than 257.
INFO: [Physopt 32-1132] Very high fanout net 'student_top_inst/Core_cpu/rf_inst/d[8]' is not considered as a candidate in VHFN optimzation. The fanout considered for this optimization is changed from 1024 to 257 due to a timing constraint that prevent optimization on all of the loads. To force replication, set the FORCE_MAX_FANOUT property on the net to a number less than 257.
INFO: [Physopt 32-1132] Very high fanout net 'student_top_inst/Core_cpu/rf_inst/d[7]' is not considered as a candidate in VHFN optimzation. The fanout considered for this optimization is changed from 1024 to 257 due to a timing constraint that prevent optimization on all of the loads. To force replication, set the FORCE_MAX_FANOUT property on the net to a number less than 257.
INFO: [Physopt 32-1132] Very high fanout net 'student_top_inst/Core_cpu/rf_inst/d[6]' is not considered as a candidate in VHFN optimzation. The fanout considered for this optimization is changed from 1024 to 257 due to a timing constraint that prevent optimization on all of the loads. To force replication, set the FORCE_MAX_FANOUT property on the net to a number less than 257.
INFO: [Physopt 32-1132] Very high fanout net 'student_top_inst/Core_cpu/rf_inst/d[5]' is not considered as a candidate in VHFN optimzation. The fanout considered for this optimization is changed from 1024 to 257 due to a timing constraint that prevent optimization on all of the loads. To force replication, set the FORCE_MAX_FANOUT property on the net to a number less than 257.
INFO: [Physopt 32-1132] Very high fanout net 'student_top_inst/Core_cpu/rf_inst/d[4]' is not considered as a candidate in VHFN optimzation. The fanout considered for this optimization is changed from 1024 to 257 due to a timing constraint that prevent optimization on all of the loads. To force replication, set the FORCE_MAX_FANOUT property on the net to a number less than 257.
INFO: [Physopt 32-1132] Very high fanout net 'student_top_inst/Core_cpu/rf_inst/d[3]' is not considered as a candidate in VHFN optimzation. The fanout considered for this optimization is changed from 1024 to 257 due to a timing constraint that prevent optimization on all of the loads. To force replication, set the FORCE_MAX_FANOUT property on the net to a number less than 257.
INFO: [Physopt 32-1132] Very high fanout net 'student_top_inst/Core_cpu/rf_inst/d[2]' is not considered as a candidate in VHFN optimzation. The fanout considered for this optimization is changed from 1024 to 257 due to a timing constraint that prevent optimization on all of the loads. To force replication, set the FORCE_MAX_FANOUT property on the net to a number less than 257.
INFO: [Physopt 32-1132] Very high fanout net 'student_top_inst/Core_cpu/rf_inst/d[1]' is not considered as a candidate in VHFN optimzation. The fanout considered for this optimization is changed from 1024 to 257 due to a timing constraint that prevent optimization on all of the loads. To force replication, set the FORCE_MAX_FANOUT property on the net to a number less than 257.
INFO: [Physopt 32-1132] Very high fanout net 'student_top_inst/Core_cpu/rf_inst/d[0]' is not considered as a candidate in VHFN optimzation. The fanout considered for this optimization is changed from 1024 to 257 due to a timing constraint that prevent optimization on all of the loads. To force replication, set the FORCE_MAX_FANOUT property on the net to a number less than 257.
INFO: [Physopt 32-76] Pass 1. Identified 6 candidate nets for fanout optimization.
INFO: [Physopt 32-81] Processed net student_top_inst/Core_cpu/pc_inst/Q[2]. Replicated 6 times.
INFO: [Physopt 32-81] Processed net student_top_inst/Core_cpu/pc_inst/Q[13]. Replicated 6 times.
INFO: [Physopt 32-81] Processed net student_top_inst/Core_cpu/pc_inst/Q[8]. Replicated 7 times.
INFO: [Physopt 32-81] Processed net student_top_inst/Core_cpu/pc_inst/Q[3]. Replicated 6 times.
INFO: [Physopt 32-81] Processed net student_top_inst/Core_cpu/pc_inst/Q[7]. Replicated 7 times.
INFO: [Physopt 32-81] Processed net student_top_inst/Core_cpu/pc_inst/Q[4]. Replicated 6 times.
INFO: [Physopt 32-232] Optimized 6 nets. Created 38 new instances.
INFO: [Physopt 32-775] End 1 Pass. Optimized 6 nets or cells. Created 38 new cells, deleted 0 existing cell and moved 0 existing cell
Netlist sorting complete. Time (s): cpu = 00:00:00 ; elapsed = 00:00:00.083 . Memory (MB): peak = 3026.680 ; gain = 0.000
INFO: [Physopt 32-670] No setup violation found.  DSP Register Optimization was not performed.
INFO: [Physopt 32-670] No setup violation found.  Shift Register to Pipeline Optimization was not performed.
INFO: [Physopt 32-670] No setup violation found.  Shift Register Optimization was not performed.
INFO: [Physopt 32-670] No setup violation found.  BRAM Register Optimization was not performed.
INFO: [Physopt 32-670] No setup violation found.  URAM Register Optimization was not performed.
INFO: [Physopt 32-949] No candidate nets found for dynamic/static region interface net replication
INFO: [Physopt 32-775] End 1 Pass. Optimized 0 net or cell. Created 0 new cell, deleted 0 existing cell and moved 0 existing cell
Netlist sorting complete. Time (s): cpu = 00:00:00 ; elapsed = 00:00:00.055 . Memory (MB): peak = 3026.680 ; gain = 0.000

Summary of Physical Synthesis Optimizations
============================================


-----------------------------------------------------------------------------------------------------------------------------------------------------------
|  Optimization                                     |  Added Cells  |  Removed Cells  |  Optimized Cells/Nets  |  Dont Touch  |  Iterations  |  Elapsed   |
-----------------------------------------------------------------------------------------------------------------------------------------------------------
|  LUT Combining                                    |            0  |             19  |                    19  |           0  |           1  |  00:00:05  |
|  Retime                                           |            0  |              0  |                     0  |           0  |           1  |  00:00:00  |
|  Very High Fanout                                 |           38  |              0  |                     6  |           0  |           1  |  00:00:19  |
|  DSP Register                                     |            0  |              0  |                     0  |           0  |           0  |  00:00:00  |
|  Shift Register to Pipeline                       |            0  |              0  |                     0  |           0  |           0  |  00:00:00  |
|  Shift Register                                   |            0  |              0  |                     0  |           0  |           0  |  00:00:00  |
|  BRAM Register                                    |            0  |              0  |                     0  |           0  |           0  |  00:00:00  |
|  URAM Register                                    |            0  |              0  |                     0  |           0  |           0  |  00:00:00  |
|  Dynamic/Static Region Interface Net Replication  |            0  |              0  |                     0  |           0  |           1  |  00:00:00  |
|  Total                                            |           38  |             19  |                    25  |           0  |           4  |  00:00:24  |
-----------------------------------------------------------------------------------------------------------------------------------------------------------


Phase 2.4.2 Physical Synthesis In Placer | Checksum: 127bc35a4

Time (s): cpu = 00:02:21 ; elapsed = 00:01:42 . Memory (MB): peak = 3026.680 ; gain = 582.785
Phase 2.4 Global Placement Core | Checksum: 15d12680e

Time (s): cpu = 00:02:24 ; elapsed = 00:01:44 . Memory (MB): peak = 3026.680 ; gain = 582.785
Phase 2 Global Placement | Checksum: 15d12680e

Time (s): cpu = 00:02:24 ; elapsed = 00:01:44 . Memory (MB): peak = 3026.680 ; gain = 582.785

Phase 3 Detail Placement

Phase 3.1 Commit Multi Column Macros
Phase 3.1 Commit Multi Column Macros | Checksum: 1d102f5df

Time (s): cpu = 00:02:37 ; elapsed = 00:01:52 . Memory (MB): peak = 3026.680 ; gain = 582.785

Phase 3.2 Commit Most Macros & LUTRAMs
Phase 3.2 Commit Most Macros & LUTRAMs | Checksum: 107ca263b

Time (s): cpu = 00:07:24 ; elapsed = 00:06:19 . Memory (MB): peak = 3026.680 ; gain = 582.785

Phase 3.3 Area Swap Optimization
Phase 3.3 Area Swap Optimization | Checksum: 16bce8beb

Time (s): cpu = 00:07:26 ; elapsed = 00:06:21 . Memory (MB): peak = 3026.680 ; gain = 582.785

Phase 3.4 Pipeline Register Optimization
Phase 3.4 Pipeline Register Optimization | Checksum: fd9d3af6

Time (s): cpu = 00:07:26 ; elapsed = 00:06:21 . Memory (MB): peak = 3026.680 ; gain = 582.785

Phase 3.5 Small Shape Detail Placement
Phase 3.5 Small Shape Detail Placement | Checksum: 22287d976

Time (s): cpu = 00:07:35 ; elapsed = 00:06:29 . Memory (MB): peak = 3026.680 ; gain = 582.785

Phase 3.6 Re-assign LUT pins
Phase 3.6 Re-assign LUT pins | Checksum: 1ff808501

Time (s): cpu = 00:07:36 ; elapsed = 00:06:30 . Memory (MB): peak = 3026.680 ; gain = 582.785

Phase 3.7 Pipeline Register Optimization
Phase 3.7 Pipeline Register Optimization | Checksum: 1a6c1d406

Time (s): cpu = 00:07:36 ; elapsed = 00:06:30 . Memory (MB): peak = 3026.680 ; gain = 582.785
Phase 3 Detail Placement | Checksum: 1a6c1d406

Time (s): cpu = 00:07:37 ; elapsed = 00:06:31 . Memory (MB): peak = 3026.680 ; gain = 582.785

Phase 4 Post Placement Optimization and Clean-Up

Phase 4.1 Post Commit Optimization
INFO: [Timing 38-35] Done setting XDC timing constraints.

Phase 4.1.1 Post Placement Optimization
Post Placement Optimization Initialization | Checksum: 1d54d5dd1

Phase 4.1.1.1 BUFG Insertion

Starting Physical Synthesis Task

Phase 1 Physical Synthesis Initialization
INFO: [Physopt 32-721] Multithreading enabled for phys_opt_design using a maximum of 2 CPUs
INFO: [Physopt 32-619] Estimated Timing Summary | WNS=0.626 | TNS=0.000 |
Phase 1 Physical Synthesis Initialization | Checksum: 1549ae79f

Time (s): cpu = 00:00:09 ; elapsed = 00:00:07 . Memory (MB): peak = 3038.590 ; gain = 11.910
INFO: [Place 46-33] Processed net student_top_inst/Core_cpu/rf_inst/rst, BUFG insertion was skipped due to placement/routing conflicts.
INFO: [Place 46-56] BUFG insertion identified 1 candidate nets. Inserted BUFG: 0, Replicated BUFG Driver: 0, Skipped due to Placement/Routing Conflicts: 1, Skipped due to Timing Degradation: 0, Skipped due to netlist editing failed: 0.
Ending Physical Synthesis Task | Checksum: 1549ae79f

Time (s): cpu = 00:00:15 ; elapsed = 00:00:11 . Memory (MB): peak = 3040.098 ; gain = 13.418
Phase 4.1.1.1 BUFG Insertion | Checksum: 1d54d5dd1

Time (s): cpu = 00:08:26 ; elapsed = 00:07:04 . Memory (MB): peak = 3040.098 ; gain = 596.203

Phase 4.1.1.2 Post Placement Timing Optimization
INFO: [Place 30-746] Post Placement Timing Summary WNS=0.626. For the most accurate timing information please run report_timing.
Phase 4.1.1.2 Post Placement Timing Optimization | Checksum: 1b3741ea2

Time (s): cpu = 00:08:26 ; elapsed = 00:07:05 . Memory (MB): peak = 3040.098 ; gain = 596.203

Time (s): cpu = 00:08:26 ; elapsed = 00:07:05 . Memory (MB): peak = 3040.098 ; gain = 596.203
Phase 4.1 Post Commit Optimization | Checksum: 1b3741ea2

Time (s): cpu = 00:08:27 ; elapsed = 00:07:05 . Memory (MB): peak = 3040.098 ; gain = 596.203

Phase 4.2 Post Placement Cleanup
Phase 4.2 Post Placement Cleanup | Checksum: 1b3741ea2

Time (s): cpu = 00:08:29 ; elapsed = 00:07:08 . Memory (MB): peak = 3041.035 ; gain = 597.141

Phase 4.3 Placer Reporting

Phase 4.3.1 Print Estimated Congestion
INFO: [Place 30-612] Post-Placement Estimated Congestion 
 ____________________________________________________
|           | Global Congestion | Short Congestion  |
| Direction | Region Size       | Region Size       |
|___________|___________________|___________________|
|      North|                1x1|                2x2|
|___________|___________________|___________________|
|      South|                1x1|                1x1|
|___________|___________________|___________________|
|       East|                1x1|                2x2|
|___________|___________________|___________________|
|       West|                1x1|                1x1|
|___________|___________________|___________________|

Phase 4.3.1 Print Estimated Congestion | Checksum: 1b3741ea2

Time (s): cpu = 00:08:30 ; elapsed = 00:07:08 . Memory (MB): peak = 3041.035 ; gain = 597.141
Phase 4.3 Placer Reporting | Checksum: 1b3741ea2

Time (s): cpu = 00:08:30 ; elapsed = 00:07:08 . Memory (MB): peak = 3041.035 ; gain = 597.141

Phase 4.4 Final Placement Cleanup
Netlist sorting complete. Time (s): cpu = 00:00:00 ; elapsed = 00:00:00.072 . Memory (MB): peak = 3041.035 ; gain = 0.000

Time (s): cpu = 00:08:30 ; elapsed = 00:07:08 . Memory (MB): peak = 3041.035 ; gain = 597.141
Phase 4 Post Placement Optimization and Clean-Up | Checksum: 11436a886

Time (s): cpu = 00:08:30 ; elapsed = 00:07:09 . Memory (MB): peak = 3041.035 ; gain = 597.141
Ending Placer Task | Checksum: 6d920832

Time (s): cpu = 00:08:31 ; elapsed = 00:07:09 . Memory (MB): peak = 3041.035 ; gain = 597.141
105 Infos, 0 Warnings, 0 Critical Warnings and 0 Errors encountered.
place_design completed successfully
place_design: Time (s): cpu = 00:08:35 ; elapsed = 00:07:12 . Memory (MB): peak = 3041.035 ; gain = 597.141
INFO: [runtcl-4] Executing : report_io -file top_io_placed.rpt
report_io: Time (s): cpu = 00:00:00 ; elapsed = 00:00:00.147 . Memory (MB): peak = 3041.035 ; gain = 0.000
INFO: [runtcl-4] Executing : report_utilization -file top_utilization_placed.rpt -pb top_utilization_placed.pb
INFO: [runtcl-4] Executing : report_control_sets -verbose -file top_control_sets_placed.rpt
report_control_sets: Time (s): cpu = 00:00:01 ; elapsed = 00:00:00.431 . Memory (MB): peak = 3041.035 ; gain = 0.000
INFO: [Timing 38-480] Writing timing data to binary archive.
Write ShapeDB Complete: Time (s): cpu = 00:00:03 ; elapsed = 00:00:00.601 . Memory (MB): peak = 3041.035 ; gain = 0.000
Wrote PlaceDB: Time (s): cpu = 00:00:11 ; elapsed = 00:00:05 . Memory (MB): peak = 3041.035 ; gain = 0.000
Wrote PulsedLatchDB: Time (s): cpu = 00:00:00 ; elapsed = 00:00:00 . Memory (MB): peak = 3041.035 ; gain = 0.000
Writing XDEF routing.
Writing XDEF routing logical nets.
Writing XDEF routing special nets.
Wrote RouteStorage: Time (s): cpu = 00:00:00 ; elapsed = 00:00:00.075 . Memory (MB): peak = 3041.035 ; gain = 0.000
Wrote Netlist Cache: Time (s): cpu = 00:00:00 ; elapsed = 00:00:00.070 . Memory (MB): peak = 3041.035 ; gain = 0.000
Wrote Device Cache: Time (s): cpu = 00:00:00 ; elapsed = 00:00:00.006 . Memory (MB): peak = 3041.035 ; gain = 0.000
Write Physdb Complete: Time (s): cpu = 00:00:11 ; elapsed = 00:00:05 . Memory (MB): peak = 3041.035 ; gain = 0.000
report_design_analysis: Time (s): cpu = 00:00:05 ; elapsed = 00:00:05 . Memory (MB): peak = 3060.941 ; gain = 19.906
INFO: [Common 17-1381] The checkpoint 'C:/Users/KTD/Desktop/JYD2025_Contest-rv32i-50/digital_twin.runs/impl_1/top_placed.dcp' has been generated.
write_checkpoint: Time (s): cpu = 00:00:19 ; elapsed = 00:00:14 . Memory (MB): peak = 3060.941 ; gain = 19.906
Command: phys_opt_design
Attempting to get a license for feature 'Implementation' and/or device 'xc7k325t'
INFO: [Common 17-349] Got license for feature 'Implementation' and/or device 'xc7k325t'

Starting Initial Update Timing Task

Time (s): cpu = 00:00:51 ; elapsed = 00:00:33 . Memory (MB): peak = 3398.113 ; gain = 337.172
INFO: [Vivado_Tcl 4-383] Design worst setup slack (WNS) is greater than or equal to 0.000 ns. Skipping all physical synthesis optimizations.
INFO: [Vivado_Tcl 4-232] No setup violation found. The netlist was not modified.
INFO: [Common 17-83] Releasing license: Implementation
114 Infos, 0 Warnings, 0 Critical Warnings and 0 Errors encountered.
phys_opt_design completed successfully
phys_opt_design: Time (s): cpu = 00:00:51 ; elapsed = 00:00:33 . Memory (MB): peak = 3398.113 ; gain = 337.172
INFO: [Timing 38-480] Writing timing data to binary archive.
Write ShapeDB Complete: Time (s): cpu = 00:00:02 ; elapsed = 00:00:00.395 . Memory (MB): peak = 3438.191 ; gain = 21.812
Wrote PlaceDB: Time (s): cpu = 00:00:11 ; elapsed = 00:00:05 . Memory (MB): peak = 3439.359 ; gain = 15.824
Wrote PulsedLatchDB: Time (s): cpu = 00:00:00 ; elapsed = 00:00:00 . Memory (MB): peak = 3439.359 ; gain = 0.000
Writing XDEF routing.
Writing XDEF routing logical nets.
Writing XDEF routing special nets.
Wrote RouteStorage: Time (s): cpu = 00:00:00 ; elapsed = 00:00:00.075 . Memory (MB): peak = 3439.359 ; gain = 0.000
Wrote Netlist Cache: Time (s): cpu = 00:00:01 ; elapsed = 00:00:00.069 . Memory (MB): peak = 3439.359 ; gain = 0.000
Wrote Device Cache: Time (s): cpu = 00:00:00 ; elapsed = 00:00:00.005 . Memory (MB): peak = 3439.359 ; gain = 0.000
Write Physdb Complete: Time (s): cpu = 00:00:12 ; elapsed = 00:00:05 . Memory (MB): peak = 3439.359 ; gain = 22.980
INFO: [Common 17-1381] The checkpoint 'C:/Users/KTD/Desktop/JYD2025_Contest-rv32i-50/digital_twin.runs/impl_1/top_physopt.dcp' has been generated.
write_checkpoint: Time (s): cpu = 00:00:14 ; elapsed = 00:00:09 . Memory (MB): peak = 3439.359 ; gain = 41.246
Command: route_design
Attempting to get a license for feature 'Implementation' and/or device 'xc7k325t'
INFO: [Common 17-349] Got license for feature 'Implementation' and/or device 'xc7k325t'
Running DRC as a precondition to command route_design
INFO: [DRC 23-27] Running DRC with 2 threads
INFO: [Vivado_Tcl 4-198] DRC finished with 0 Errors
INFO: [Vivado_Tcl 4-199] Please refer to the DRC report (report_drc) for more information.


Starting Routing Task
INFO: [Route 35-254] Multithreading enabled for route_design using a maximum of 8 CPUs

Phase 1 Build RT Design
Checksum: PlaceDB: 2a9d4102 ConstDB: 0 ShapeSum: 42f4c730 RouteDB: 0
Post Restoration Checksum: NetGraph: 6ca111bb | NumContArr: 71581cf7 | Constraints: c2a8fa9d | Timing: c2a8fa9d
Phase 1 Build RT Design | Checksum: 2634b23ec

Time (s): cpu = 00:01:18 ; elapsed = 00:00:41 . Memory (MB): peak = 3674.391 ; gain = 191.918

Phase 2 Router Initialization

Phase 2.1 Fix Topology Constraints
Phase 2.1 Fix Topology Constraints | Checksum: 2634b23ec

Time (s): cpu = 00:01:19 ; elapsed = 00:00:42 . Memory (MB): peak = 3674.391 ; gain = 191.918

Phase 2.2 Pre Route Cleanup
Phase 2.2 Pre Route Cleanup | Checksum: 2634b23ec

Time (s): cpu = 00:01:20 ; elapsed = 00:00:42 . Memory (MB): peak = 3674.391 ; gain = 191.918
 Number of Nodes with overlaps = 0

Phase 2.3 Update Timing
Phase 2.3 Update Timing | Checksum: 2718dd0db

Time (s): cpu = 00:02:12 ; elapsed = 00:01:14 . Memory (MB): peak = 3674.391 ; gain = 191.918
INFO: [Route 35-416] Intermediate Timing Summary | WNS=1.233  | TNS=0.000  | WHS=-0.379 | THS=-49.478|


Router Utilization Summary
  Global Vertical Routing Utilization    = 0 %
  Global Horizontal Routing Utilization  = 0 %
  Routable Net Status*
  *Does not include unroutable nets such as driverless and loadless.
  Run report_route_status for detailed report.
  Number of Failed Nets               = 21562
    (Failed Nets is the sum of unrouted and partially routed nets)
  Number of Unrouted Nets             = 21562
  Number of Partially Routed Nets     = 0
  Number of Node Overlaps             = 0

Phase 2 Router Initialization | Checksum: 274289d28

Time (s): cpu = 00:02:38 ; elapsed = 00:01:30 . Memory (MB): peak = 3674.391 ; gain = 191.918

Phase 3 Initial Routing

Phase 3.1 Global Routing
Phase 3.1 Global Routing | Checksum: 274289d28

Time (s): cpu = 00:02:39 ; elapsed = 00:01:30 . Memory (MB): peak = 3674.391 ; gain = 191.918

Phase 3.2 Initial Net Routing
Phase 3.2 Initial Net Routing | Checksum: 259f636ed

Time (s): cpu = 00:07:19 ; elapsed = 00:02:30 . Memory (MB): peak = 4685.379 ; gain = 1202.906
Phase 3 Initial Routing | Checksum: 259f636ed

Time (s): cpu = 00:07:19 ; elapsed = 00:02:30 . Memory (MB): peak = 4685.379 ; gain = 1202.906

Phase 4 Rip-up And Reroute

Phase 4.1 Global Iteration 0
 Number of Nodes with overlaps = 13650
 Number of Nodes with overlaps = 1248
 Number of Nodes with overlaps = 281
 Number of Nodes with overlaps = 103
 Number of Nodes with overlaps = 18
 Number of Nodes with overlaps = 6
 Number of Nodes with overlaps = 0
INFO: [Route 35-416] Intermediate Timing Summary | WNS=0.018  | TNS=0.000  | WHS=N/A    | THS=N/A    |

Phase 4.1 Global Iteration 0 | Checksum: 25196b6c5

Time (s): cpu = 00:14:14 ; elapsed = 00:07:09 . Memory (MB): peak = 4685.379 ; gain = 1202.906
Phase 4 Rip-up And Reroute | Checksum: 25196b6c5

Time (s): cpu = 00:14:15 ; elapsed = 00:07:09 . Memory (MB): peak = 4685.379 ; gain = 1202.906

Phase 5 Delay and Skew Optimization

Phase 5.1 Delay CleanUp
Phase 5.1 Delay CleanUp | Checksum: 25196b6c5

Time (s): cpu = 00:14:15 ; elapsed = 00:07:09 . Memory (MB): peak = 4685.379 ; gain = 1202.906

Phase 5.2 Clock Skew Optimization
Phase 5.2 Clock Skew Optimization | Checksum: 25196b6c5

Time (s): cpu = 00:14:16 ; elapsed = 00:07:09 . Memory (MB): peak = 4685.379 ; gain = 1202.906
Phase 5 Delay and Skew Optimization | Checksum: 25196b6c5

Time (s): cpu = 00:14:16 ; elapsed = 00:07:09 . Memory (MB): peak = 4685.379 ; gain = 1202.906

Phase 6 Post Hold Fix

Phase 6.1 Hold Fix Iter

Phase 6.1.1 Update Timing
Phase 6.1.1 Update Timing | Checksum: 1d680c32f

Time (s): cpu = 00:14:35 ; elapsed = 00:07:22 . Memory (MB): peak = 4685.379 ; gain = 1202.906
INFO: [Route 35-416] Intermediate Timing Summary | WNS=0.111  | TNS=0.000  | WHS=0.108  | THS=0.000  |

Phase 6.1 Hold Fix Iter | Checksum: 1d680c32f

Time (s): cpu = 00:14:35 ; elapsed = 00:07:22 . Memory (MB): peak = 4685.379 ; gain = 1202.906
Phase 6 Post Hold Fix | Checksum: 1d680c32f

Time (s): cpu = 00:14:35 ; elapsed = 00:07:22 . Memory (MB): peak = 4685.379 ; gain = 1202.906

Phase 7 Route finalize

Router Utilization Summary
  Global Vertical Routing Utilization    = 13.1542 %
  Global Horizontal Routing Utilization  = 12.8853 %
  Routable Net Status*
  *Does not include unroutable nets such as driverless and loadless.
  Run report_route_status for detailed report.
  Number of Failed Nets               = 0
    (Failed Nets is the sum of unrouted and partially routed nets)
  Number of Unrouted Nets             = 0
  Number of Partially Routed Nets     = 0
  Number of Node Overlaps             = 0

Phase 7 Route finalize | Checksum: 1d680c32f

Time (s): cpu = 00:14:36 ; elapsed = 00:07:22 . Memory (MB): peak = 4685.379 ; gain = 1202.906

Phase 8 Verifying routed nets

 Verification completed successfully
Phase 8 Verifying routed nets | Checksum: 1d680c32f

Time (s): cpu = 00:14:37 ; elapsed = 00:07:22 . Memory (MB): peak = 4685.379 ; gain = 1202.906

Phase 9 Depositing Routes
Phase 9 Depositing Routes | Checksum: 24875ef5a

Time (s): cpu = 00:14:41 ; elapsed = 00:07:26 . Memory (MB): peak = 4685.379 ; gain = 1202.906

Phase 10 Post Router Timing
INFO: [Route 35-57] Estimated Timing Summary | WNS=0.111  | TNS=0.000  | WHS=0.108  | THS=0.000  |

INFO: [Route 35-327] The final timing numbers are based on the router estimated timing analysis. For a complete and accurate timing signoff, please run report_timing_summary.
Phase 10 Post Router Timing | Checksum: 24875ef5a

Time (s): cpu = 00:14:56 ; elapsed = 00:07:34 . Memory (MB): peak = 4685.379 ; gain = 1202.906
INFO: [Route 35-16] Router Completed Successfully

Phase 11 Post-Route Event Processing
Phase 11 Post-Route Event Processing | Checksum: d4de7892

Time (s): cpu = 00:14:58 ; elapsed = 00:07:36 . Memory (MB): peak = 4685.379 ; gain = 1202.906
Ending Routing Task | Checksum: d4de7892

Time (s): cpu = 00:14:59 ; elapsed = 00:07:37 . Memory (MB): peak = 4685.379 ; gain = 1202.906

Routing Is Done.
INFO: [Common 17-83] Releasing license: Implementation
128 Infos, 0 Warnings, 0 Critical Warnings and 0 Errors encountered.
route_design completed successfully
route_design: Time (s): cpu = 00:15:06 ; elapsed = 00:07:41 . Memory (MB): peak = 4685.379 ; gain = 1246.020
INFO: [runtcl-4] Executing : report_drc -file top_drc_routed.rpt -pb top_drc_routed.pb -rpx top_drc_routed.rpx
Command: report_drc -file top_drc_routed.rpt -pb top_drc_routed.pb -rpx top_drc_routed.rpx
INFO: [IP_Flow 19-1839] IP Catalog is up to date.
INFO: [DRC 23-27] Running DRC with 2 threads
INFO: [Vivado_Tcl 2-168] The results of DRC are in file C:/Users/KTD/Desktop/JYD2025_Contest-rv32i-50/digital_twin.runs/impl_1/top_drc_routed.rpt.
report_drc completed successfully
report_drc: Time (s): cpu = 00:00:17 ; elapsed = 00:00:08 . Memory (MB): peak = 4685.379 ; gain = 0.000
INFO: [runtcl-4] Executing : report_methodology -file top_methodology_drc_routed.rpt -pb top_methodology_drc_routed.pb -rpx top_methodology_drc_routed.rpx
Command: report_methodology -file top_methodology_drc_routed.rpt -pb top_methodology_drc_routed.pb -rpx top_methodology_drc_routed.rpx
INFO: [Timing 38-35] Done setting XDC timing constraints.
INFO: [DRC 23-133] Running Methodology with 2 threads
INFO: [Vivado_Tcl 2-1520] The results of Report Methodology are in file C:/Users/KTD/Desktop/JYD2025_Contest-rv32i-50/digital_twin.runs/impl_1/top_methodology_drc_routed.rpt.
report_methodology completed successfully
report_methodology: Time (s): cpu = 00:01:52 ; elapsed = 00:00:59 . Memory (MB): peak = 4685.379 ; gain = 0.000
INFO: [runtcl-4] Executing : report_power -file top_power_routed.rpt -pb top_power_summary_routed.pb -rpx top_power_routed.rpx
Command: report_power -file top_power_routed.rpt -pb top_power_summary_routed.pb -rpx top_power_routed.rpx
INFO: [Timing 38-35] Done setting XDC timing constraints.
Running Vector-less Activity Propagation...

Finished Running Vector-less Activity Propagation
138 Infos, 0 Warnings, 0 Critical Warnings and 0 Errors encountered.
report_power completed successfully
report_power: Time (s): cpu = 00:00:40 ; elapsed = 00:00:24 . Memory (MB): peak = 4685.379 ; gain = 0.000
INFO: [runtcl-4] Executing : report_route_status -file top_route_status.rpt -pb top_route_status.pb
INFO: [runtcl-4] Executing : report_timing_summary -max_paths 10 -report_unconstrained -file top_timing_summary_routed.rpt -pb top_timing_summary_routed.pb -rpx top_timing_summary_routed.rpx -warn_on_violation 
INFO: [Timing 38-91] UpdateTimingParams: Speed grade: -2, Delay Type: min_max.
INFO: [Timing 38-191] Multithreading enabled for timing update using a maximum of 2 CPUs
report_timing_summary: Time (s): cpu = 00:00:19 ; elapsed = 00:00:10 . Memory (MB): peak = 4685.379 ; gain = 0.000
INFO: [runtcl-4] Executing : report_incremental_reuse -file top_incremental_reuse_routed.rpt
INFO: [Vivado_Tcl 4-1062] Incremental flow is disabled. No incremental reuse Info to report.
INFO: [runtcl-4] Executing : report_clock_utilization -file top_clock_utilization_routed.rpt
INFO: [runtcl-4] Executing : report_bus_skew -warn_on_violation -file top_bus_skew_routed.rpt -pb top_bus_skew_routed.pb -rpx top_bus_skew_routed.rpx
INFO: [Timing 38-91] UpdateTimingParams: Speed grade: -2, Delay Type: min_max.
INFO: [Timing 38-191] Multithreading enabled for timing update using a maximum of 2 CPUs
INFO: [Timing 38-480] Writing timing data to binary archive.
Write ShapeDB Complete: Time (s): cpu = 00:00:02 ; elapsed = 00:00:00.586 . Memory (MB): peak = 4685.379 ; gain = 0.000
Wrote PlaceDB: Time (s): cpu = 00:00:11 ; elapsed = 00:00:05 . Memory (MB): peak = 4685.379 ; gain = 0.000
Wrote PulsedLatchDB: Time (s): cpu = 00:00:00 ; elapsed = 00:00:00.001 . Memory (MB): peak = 4685.379 ; gain = 0.000
Writing XDEF routing.
Writing XDEF routing logical nets.
Writing XDEF routing special nets.
Wrote RouteStorage: Time (s): cpu = 00:00:00 ; elapsed = 00:00:00.777 . Memory (MB): peak = 4685.379 ; gain = 0.000
Wrote Netlist Cache: Time (s): cpu = 00:00:00 ; elapsed = 00:00:00.060 . Memory (MB): peak = 4685.379 ; gain = 0.000
Wrote Device Cache: Time (s): cpu = 00:00:00 ; elapsed = 00:00:00.008 . Memory (MB): peak = 4685.379 ; gain = 0.000
Write Physdb Complete: Time (s): cpu = 00:00:11 ; elapsed = 00:00:06 . Memory (MB): peak = 4685.379 ; gain = 0.000
INFO: [Common 17-1381] The checkpoint 'C:/Users/KTD/Desktop/JYD2025_Contest-rv32i-50/digital_twin.runs/impl_1/top_routed.dcp' has been generated.
write_checkpoint: Time (s): cpu = 00:00:14 ; elapsed = 00:00:10 . Memory (MB): peak = 4685.379 ; gain = 0.000
Command: write_bitstream -force top.bit
Attempting to get a license for feature 'Implementation' and/or device 'xc7k325t'
INFO: [Common 17-349] Got license for feature 'Implementation' and/or device 'xc7k325t'
Running DRC as a precondition to command write_bitstream
INFO: [IP_Flow 19-1839] IP Catalog is up to date.
INFO: [DRC 23-27] Running DRC with 2 threads
WARNING: [DRC CFGBVS-1] Missing CFGBVS and CONFIG_VOLTAGE Design Properties: Neither the CFGBVS nor CONFIG_VOLTAGE voltage property is set in the current_design.  Configuration bank voltage select (CFGBVS) must be set to VCCO or GND, and CONFIG_VOLTAGE must be set to the correct configuration voltage, in order to determine the I/O voltage support for the pins in bank 0.  It is suggested to specify these either using the 'Edit Device Properties' function in the GUI or directly in the XDC file using the following syntax:

 set_property CFGBVS value1 [current_design]
 #where value1 is either VCCO or GND

 set_property CONFIG_VOLTAGE value2 [current_design]
 #where value2 is the voltage provided to configuration bank 0

Refer to the device configuration user guide for more information.
INFO: [Vivado 12-3199] DRC finished with 0 Errors, 1 Warnings
INFO: [Vivado 12-3200] Please refer to the DRC report (report_drc) for more information.
INFO: [Designutils 20-2272] Running write_bitstream with 2 threads.
Loading data files...
Loading site data...
Loading route data...
Processing options...
Creating bitmap...
Creating bitstream...
Writing bitstream ./top.bit...
INFO: [Vivado 12-1842] Bitgen Completed Successfully.
INFO: [Common 17-83] Releasing license: Implementation
13 Infos, 1 Warnings, 0 Critical Warnings and 0 Errors encountered.
write_bitstream completed successfully
write_bitstream: Time (s): cpu = 00:01:16 ; elapsed = 00:00:48 . Memory (MB): peak = 4685.379 ; gain = 0.000
INFO: [Common 17-206] Exiting Vivado at Sun Apr 27 13:41:50 2025...
